/Users/xylm/STM32_Team/Jump_Cat_Code/04_sitaiwei_DM02/Core/Src/fdcan.c:32:6:MX_FDCAN1_Init	8	static
/Users/xylm/STM32_Team/Jump_Cat_Code/04_sitaiwei_DM02/Core/Src/fdcan.c:80:6:MX_FDCAN2_Init	8	static
/Users/xylm/STM32_Team/Jump_Cat_Code/04_sitaiwei_DM02/Core/Src/fdcan.c:128:6:MX_FDCAN3_Init	8	static
/Users/xylm/STM32_Team/Jump_Cat_Code/04_sitaiwei_DM02/Core/Src/fdcan.c:178:6:HAL_FDCAN_MspInit	248	static
/Users/xylm/STM32_Team/Jump_Cat_Code/04_sitaiwei_DM02/Core/Src/fdcan.c:311:6:HAL_FDCAN_MspDeInit	16	static
